OrderID                                            DuplicateCount
-------------------------------------------------- --------------

(0 rows affected)

MissingOrderID MissingCustomerID MissingProduct MissingDate MissingQuantity MissingUnitPrice MissingTotalPrice
-------------- ----------------- -------------- ----------- --------------- ---------------- -----------------
0              0                 0              0           0               0                0

(1 row affected)

OrderID                                            Quantity UnitPrice              TotalPrice             ExpectedTotal
-------------------------------------------------- -------- ---------------------- ---------------------- ----------------------

(0 rows affected)

OrderID                                            Date       Product                                            Quantity UnitPrice              TotalPrice
-------------------------------------------------- ---------- -------------------------------------------------- -------- ---------------------- ----------------------
ORD200000                                          2023-01-04 Monitor                                            5        570.619995117188       2853.10009765625
ORD200001                                          2024-08-23 Phone                                              2        151.350006103516       302.700012207031
ORD200002                                          2024-02-27 Tablet                                             5        550.679992675781       2753.39990234375
ORD200003                                          2023-10-15 Chair                                              1        273.190002441406       273.190002441406
ORD200004                                          2025-05-08 Printer                                            4        626.010009765625       2504.0400390625
ORD200005                                          2023-10-23 Phone                                              2        245.860000610352       491.720001220703
ORD200006                                          2025-06-17 Laptop                                             1        664.419982910156       664.419982910156
ORD200007                                          2023-05-12 Monitor                                            5        149.550003051758       747.75
ORD200008                                          2025-04-02 Phone                                              2        134.279998779297       268.559997558594
ORD200009                                          2023-11-21 Desk                                               4        509.380004882813       2037.52001953125

(10 rows affected)

Total Orders Unique Customers Products    Units Sold  Total Order Value      Avg Order Value
------------ ---------------- ----------- ----------- ---------------------- ----------------------
1200         1189             7           3535        1264761.96             1053.97

(1 row affected)

OrderID                                            Date       Product                                            Quantity TotalPrice
-------------------------------------------------- ---------- -------------------------------------------------- -------- ----------------------
ORD200789                                          2023-08-17 Tablet                                             5        3456.39990234375
ORD200632                                          2023-05-02 Laptop                                             5        3390.80004882813
ORD201065                                          2023-10-30 Printer                                            5        3334
ORD200361                                          2024-06-29 Printer                                            5        3299.25
ORD200837                                          2025-06-14 Chair                                              5        3277.75
ORD201079                                          2024-06-20 Phone                                              5        3170
ORD200511                                          2024-03-15 Monitor                                            5        2876.19995117188
ORD200578                                          2024-10-10 Monitor                                            5        2830.35009765625
ORD200883                                          2025-05-13 Printer                                            5        2807.39990234375
ORD200769                                          2023-07-06 Printer                                            4        2714.19995117188

(10 rows affected)

Product                                            Orders      Units Sold  Revenue                Avg Order Value
-------------------------------------------------- ----------- ----------- ---------------------- ----------------------
Chair                                              178         562         195620.11              1098.99
Printer                                            181         542         195612.61              1080.73
Laptop                                             173         535         192126.56              1110.56
Tablet                                             179         497         186568.95              1042.28
Monitor                                            163         480         175651.41              1077.62
Desk                                               170         508         167459.93              985.06
Phone                                              156         411         151722.39              972.58

(7 rows affected)

Product                                            Revenue                Revenue %
-------------------------------------------------- ---------------------- ----------------------
Chair                                              195620.11              15.47
Printer                                            195612.61              15.47
Laptop                                             192126.56              15.19
Tablet                                             186568.95              14.75
Monitor                                            175651.41              13.89
Desk                                               167459.93              13.24
Phone                                              151722.39              12

(7 rows affected)

Product                                            Revenue                Revenue Rank
-------------------------------------------------- ---------------------- --------------------
Chair                                              195620.11              1
Printer                                            195612.61              2
Laptop                                             192126.56              3
Tablet                                             186568.95              4
Monitor                                            175651.41              5
Desk                                               167459.93              6
Phone                                              151722.39              7

(7 rows affected)

Product                                            Avg Order Value
-------------------------------------------------- ----------------------
Laptop                                             1110.56

(1 row affected)

OrderStatus                                        Orders      Order Value            Avg Order Value
-------------------------------------------------- ----------- ---------------------- ----------------------
Cancelled                                          250         276396.21              1105.58
Returned                                           247         243277.7               984.93
Pending                                            237         256328.15              1081.55
Shipped                                            235         246159.58              1047.49
Delivered                                          231         242600.32              1050.22

(5 rows affected)

Total Orders Cancelled or Returned Loss Rate %
------------ --------------------- ---------------------------------------
1200         497                   41.420000000000

(1 row affected)

Product                                            Orders      Cancelled or Returned Loss Rate %
-------------------------------------------------- ----------- --------------------- ---------------------------------------
Monitor                                            163         71                    43.560000000000
Tablet                                             179         77                    43.020000000000
Laptop                                             173         74                    42.770000000000
Chair                                              178         73                    41.010000000000
Printer                                            181         73                    40.330000000000
Phone                                              156         62                    39.740000000000
Desk                                               170         67                    39.410000000000

(7 rows affected)

Product                                            Orders      Fulfilled Order Value
-------------------------------------------------- ----------- ----------------------
Printer                                            71          82452.14
Laptop                                             69          80951.66
Chair                                              64          71816.27
Monitor                                            63          66924.44
Tablet                                             68          66622.67
Phone                                              66          62342.05
Desk                                               65          57650.67

(7 rows affected)

Year        Orders      Order Value            Avg Order Value
----------- ----------- ---------------------- ----------------------
2023        510         552643.24              1083.61
2024        459         480235.87              1046.27
2025        231         231882.85              1003.82

(3 rows affected)

Year        Month       Orders      Order Value
----------- ----------- ----------- ----------------------
2023        1           47          56685.75
2023        2           37          40117.66
2023        3           43          48609.37
2023        4           31          27751.71
2023        5           49          63836.84
2023        6           45          49500.19
2023        7           44          42820.66
2023        8           51          54352.14
2023        9           29          29526.67
2023        10          47          52607.85
2023        11          41          43079.67
2023        12          46          43754.73
2024        1           32          38528.08
2024        2           32          36909.57
2024        3           36          36030.9
2024        4           50          49613.14
2024        5           34          27909.11
2024        6           53          68068.54
2024        7           43          42963.98
2024        8           28          31991.07
2024        9           44          39794.98
2024        10          31          37226.97
2024        11          35          32413.76
2024        12          41          38785.77
2025        1           27          29099.4
2025        2           37          35317.55
2025        3           49          39200.66
2025        4           32          31821.2
2025        5           37          43396.64
2025        6           49          53047.4

(30 rows affected)

Year        Month       Orders      Revenue
----------- ----------- ----------- ----------------------
2024        6           53          68068.54

(1 row affected)

Year        Month       Monthly Revenue        Cumulative Revenue
----------- ----------- ---------------------- ----------------------
2023        1           56685.75               56685.75
2023        2           40117.66               96803.41
2023        3           48609.37               145412.78
2023        4           27751.71               173164.49
2023        5           63836.84               237001.33
2023        6           49500.19               286501.52
2023        7           42820.66               329322.18
2023        8           54352.14               383674.32
2023        9           29526.67               413200.99
2023        10          52607.85               465808.84
2023        11          43079.67               508888.51
2023        12          43754.73               552643.24
2024        1           38528.08               591171.32
2024        2           36909.57               628080.89
2024        3           36030.9                664111.79
2024        4           49613.14               713724.93
2024        5           27909.11               741634.04
2024        6           68068.54               809702.58
2024        7           42963.98               852666.56
2024        8           31991.07               884657.63
2024        9           39794.98               924452.61
2024        10          37226.97               961679.58
2024        11          32413.76               994093.34
2024        12          38785.77               1032879.11
2025        1           29099.4                1061978.51
2025        2           35317.55               1097296.06
2025        3           39200.66               1136496.72
2025        4           31821.2                1168317.92
2025        5           43396.64               1211714.56
2025        6           53047.4                1264761.96

(30 rows affected)

CustomerID                                         Orders      Total Spent            Avg Order Value
-------------------------------------------------- ----------- ---------------------- ----------------------
C38840                                             2           5723.23                2861.61
C57276                                             1           3456.4                 3456.4
C67260                                             1           3390.8                 3390.8
C13877                                             1           3384.9                 3384.9
C18404                                             1           3370.2                 3370.2
C16775                                             1           3353.75                3353.75
C65986                                             1           3352.4                 3352.4
C47778                                             1           3334                   3334
C59183                                             1           3322.55                3322.55
C25276                                             1           3313.9                 3313.9

(10 rows affected)

CustomerID                                         Orders      Total Spent
-------------------------------------------------- ----------- ----------------------
C38840                                             2           5723.23
C97593                                             2           2855.22
C98474                                             2           2175.34
C70659                                             2           1853.96
C94569                                             2           1675.35
C46651                                             2           1360.89
C35852                                             2           1248.39
C14847                                             2           1097.81
C91155                                             2           704.82
C21191                                             2           647.77
C56969                                             2           193

(11 rows affected)

Repeat Customer Revenue %
-------------------------
1.54

(1 row affected)

PaymentMethod                                      Orders      Revenue                Avg Order Value
-------------------------------------------------- ----------- ---------------------- ----------------------
Credit Card                                        234         263847.63              1127.55
Online                                             258         262442.94              1017.22
Cash                                               246         259786.29              1056.04
Gift Card                                          230         246323.92              1070.97
Debit Card                                         232         232361.18              1001.56

(5 rows affected)

ReferralSource                                     Orders      Revenue                Avg Order Value
-------------------------------------------------- ----------- ---------------------- ----------------------
Instagram                                          259         275285.45              1062.88
Email                                              250         261808.55              1047.23
Google                                             241         250441.48              1039.18
Facebook                                           228         250410.9               1098.29
Referral                                           222         226815.58              1021.69

(5 rows affected)

ReferralSource                                     Revenue                Revenue %
-------------------------------------------------- ---------------------- ----------------------
Instagram                                          275285.45              21.77
Email                                              261808.55              20.7
Google                                             250441.48              19.8
Facebook                                           250410.9               19.8
Referral                                           226815.58              17.93

(5 rows affected)

CouponCode                                         Orders      Revenue                Avg Order Value
-------------------------------------------------- ----------- ---------------------- ----------------------
FREESHIP                                           313         335036.99              1070.41
NO_COUPON                                          309         322401.41              1043.37
WINTER15                                           292         302483.54              1035.9
SAVE10                                             286         304840.02              1065.87

(4 rows affected)

CouponCode                                         Orders      Avg Order Value
-------------------------------------------------- ----------- ----------------------
FREESHIP                                           313         1070.41
SAVE10                                             286         1065.87

(2 rows affected)

Order Category  Orders      Revenue                Avg Order Value
--------------- ----------- ---------------------- ----------------------
Medium Value    495         453172.33              915.5
Low Value       383         101696.9               265.53
High Value      228         440179.79              1930.61
Very High Value 94          269712.94              2869.29

(4 rows affected)

Year        Product                                            Revenue
----------- -------------------------------------------------- ----------------------
2023        Printer                                            95513.73
2024        Chair                                              84785.75
2025        Desk                                               47291.58

(3 rows affected)

Product                                            Orders      Avg Quantity           Avg Items In Cart
-------------------------------------------------- ----------- ---------------------- ----------------------
Chair                                              178         3.16                   5.78
Desk                                               170         2.99                   5.58
Monitor                                            163         2.94                   5.56
Printer                                            181         2.99                   5.51
Tablet                                             179         2.78                   5.5
Laptop                                             173         3.09                   5.34
Phone                                              156         2.63                   5.08

(7 rows affected)

Orders      Percentage
----------- ---------------------------------------
200         16.670000000000

(1 row affected)

Orders      Customers   Products    Units Sold  Total Order Value      Avg Order Value        Min Order Value        Max Order Value
----------- ----------- ----------- ----------- ---------------------- ---------------------- ---------------------- ----------------------
1200        1189        7           3535        1264761.96             1053.97                11.39                  3456.4

(1 row affected)


